\BOOKMARK [1][-]{section.1}{Introduction}{}% 1
\BOOKMARK [1][-]{section.2}{Alg\350bre}{}% 2
\BOOKMARK [2][-]{subsection.2.1}{Logarithme}{section.2}% 3
\BOOKMARK [3][-]{subsubsection.2.1.1}{Relations}{subsection.2.1}% 4
\BOOKMARK [3][-]{subsubsection.2.1.2}{Changement de base}{subsection.2.1}% 5
\BOOKMARK [2][-]{subsection.2.2}{Produits remarquables}{section.2}% 6
\BOOKMARK [2][-]{subsection.2.3}{Equation de degr\351 2}{section.2}% 7
\BOOKMARK [2][-]{subsection.2.4}{Equation degr\351 3 : M\351thode de Cardan}{section.2}% 8
\BOOKMARK [2][-]{subsection.2.5}{Suites \046 S\351ries}{section.2}% 9
\BOOKMARK [2][-]{subsection.2.6}{Nombres complexes}{section.2}% 10
\BOOKMARK [3][-]{subsubsection.2.6.1}{Utilit\351}{subsection.2.6}% 11
\BOOKMARK [3][-]{subsubsection.2.6.2}{D\351finition}{subsection.2.6}% 12
\BOOKMARK [3][-]{subsubsection.2.6.3}{R\351solution d'\351quations imaginaires}{subsection.2.6}% 13
\BOOKMARK [2][-]{subsection.2.7}{S\351rie et transform\351e de Fourier}{section.2}% 14
\BOOKMARK [2][-]{subsection.2.8}{Transform\351e de Laplace}{section.2}% 15
\BOOKMARK [1][-]{section.3}{Equations diff\351rentielles}{}% 16
\BOOKMARK [1][-]{section.4}{Alg\350bre lin\351aire}{}% 17
\BOOKMARK [1][-]{section.5}{Analyse num\351rique}{}% 18
\BOOKMARK [1][-]{section.6}{Cin\351matique multi-corps}{}% 19
\BOOKMARK [2][-]{subsection.6.1}{R\351solutions des syst\350mes du type quadrilat\350re articul\351}{section.6}% 20
\BOOKMARK [3][-]{subsubsection.6.1.1}{Boucle vectorielle ferm\351e}{subsection.6.1}% 21
\BOOKMARK [3][-]{subsubsection.6.1.2}{M\351thode de Newton-Raphson}{subsection.6.1}% 22
\BOOKMARK [3][-]{subsubsection.6.1.3}{equilibrage des arbres}{subsection.6.1}% 23
\BOOKMARK [1][-]{section.7}{Dynamique multi-corps}{}% 24
\BOOKMARK [1][-]{section.8}{Cryptologie}{}% 25
\BOOKMARK [1][-]{section.9}{Syst\350mes de coordonn\351es}{}% 26
\BOOKMARK [2][-]{subsection.9.1}{Coordonn\351es cylindriques}{section.9}% 27
\BOOKMARK [2][-]{subsection.9.2}{Coordonn\351es sph\351riques}{section.9}% 28
\BOOKMARK [2][-]{subsection.9.3}{Autres syst\350mes de coordonn\351es}{section.9}% 29
\BOOKMARK [1][-]{section.10}{G\351om\351trie}{}% 30
\BOOKMARK [2][-]{subsection.10.1}{Trigonom\351trie}{section.10}% 31
\BOOKMARK [2][-]{subsection.10.2}{Triangle}{section.10}% 32
\BOOKMARK [3][-]{subsubsection.10.2.1}{Triangle quelconque}{subsection.10.2}% 33
\BOOKMARK [3][-]{subsubsection.10.2.2}{Triangle rectangle}{subsection.10.2}% 34
\BOOKMARK [2][-]{subsection.10.3}{Vecteurs}{section.10}% 35
\BOOKMARK [2][-]{subsection.10.4}{Produit scalaire}{section.10}% 36
\BOOKMARK [2][-]{subsection.10.5}{Volume}{section.10}% 37
\BOOKMARK [2][-]{subsection.10.6}{Base}{section.10}% 38
\BOOKMARK [2][-]{subsection.10.7}{Norme}{section.10}% 39
\BOOKMARK [2][-]{subsection.10.8}{Produit vectoriel}{section.10}% 40
\BOOKMARK [3][-]{subsubsection.10.8.1}{D\351finition}{subsection.10.8}% 41
\BOOKMARK [3][-]{subsubsection.10.8.2}{Relation}{subsection.10.8}% 42
\BOOKMARK [3][-]{subsubsection.10.8.3}{Propri\351t\351s}{subsection.10.8}% 43
\BOOKMARK [2][-]{subsection.10.9}{Equations dans l'espace}{section.10}% 44
\BOOKMARK [3][-]{subsubsection.10.9.1}{Dans le plan}{subsection.10.9}% 45
\BOOKMARK [3][-]{subsubsection.10.9.2}{Dans l'espace}{subsection.10.9}% 46
\BOOKMARK [2][-]{subsection.10.10}{Allignements}{section.10}% 47
\BOOKMARK [2][-]{subsection.10.11}{Intersections}{section.10}% 48
\BOOKMARK [2][-]{subsection.10.12}{Projections}{section.10}% 49
\BOOKMARK [2][-]{subsection.10.13}{Calculs volume}{section.10}% 50
\BOOKMARK [2][-]{subsection.10.14}{Calculs surface}{section.10}% 51
\BOOKMARK [1][-]{section.11}{Math\351matiques}{}% 52
\BOOKMARK [1][-]{section.12}{Mat\351riaux}{}% 53
\BOOKMARK [1][-]{section.13}{M\351canique}{}% 54
\BOOKMARK [2][-]{subsection.13.1}{Cin\351matique}{section.13}% 55
\BOOKMARK [3][-]{subsubsection.13.1.1}{MRU}{subsection.13.1}% 56
\BOOKMARK [3][-]{subsubsection.13.1.2}{MRUA}{subsection.13.1}% 57
\BOOKMARK [3][-]{subsubsection.13.1.3}{MR g\351n\351ral}{subsection.13.1}% 58
\BOOKMARK [3][-]{subsubsection.13.1.4}{MCU}{subsection.13.1}% 59
\BOOKMARK [3][-]{subsubsection.13.1.5}{MCUA}{subsection.13.1}% 60
\BOOKMARK [2][-]{subsection.13.2}{Equations d'\351quilibre}{section.13}% 61
\BOOKMARK [2][-]{subsection.13.3}{Lois de conservation}{section.13}% 62
\BOOKMARK [3][-]{subsubsection.13.3.1}{Quatit\351 de mouvement}{subsection.13.3}% 63
\BOOKMARK [3][-]{subsubsection.13.3.2}{Energie}{subsection.13.3}% 64
\BOOKMARK [3][-]{subsubsection.13.3.3}{Moment cin\351tique}{subsection.13.3}% 65
\BOOKMARK [2][-]{subsection.13.4}{Lois de distribution}{section.13}% 66
\BOOKMARK [2][-]{subsection.13.5}{Chocs}{section.13}% 67
\BOOKMARK [3][-]{subsubsection.13.5.1}{Les forces}{subsection.13.5}% 68
\BOOKMARK [3][-]{subsubsection.13.5.2}{Couple}{subsection.13.5}% 69
\BOOKMARK [2][-]{subsection.13.6}{Quantit\351 de mouvement}{section.13}% 70
\BOOKMARK [2][-]{subsection.13.7}{M\351canique Lagrangienne}{section.13}% 71
\BOOKMARK [2][-]{subsection.13.8}{Centre de masse et moment d'inertie}{section.13}% 72
\BOOKMARK [2][-]{subsection.13.9}{Quantit\351 mouvement, moment cin\351tique}{section.13}% 73
\BOOKMARK [1][-]{section.14}{M\351canique des structures}{}% 74
\BOOKMARK [2][-]{subsection.14.1}{Traction/compression}{section.14}% 75
\BOOKMARK [2][-]{subsection.14.2}{Effort tranchant}{section.14}% 76
\BOOKMARK [2][-]{subsection.14.3}{Flexion}{section.14}% 77
\BOOKMARK [2][-]{subsection.14.4}{Torsion}{section.14}% 78
\BOOKMARK [2][-]{subsection.14.5}{M\351canique fluide}{section.14}% 79
\BOOKMARK [2][-]{subsection.14.6}{Dur\351e vie roulements}{section.14}% 80
\BOOKMARK [1][-]{section.15}{M\351canique vibratoire}{}% 81
\BOOKMARK [2][-]{subsection.15.1}{Syst\350me \340 un degr\351 de libert\351}{section.15}% 82
\BOOKMARK [1][-]{section.16}{Statistique}{}% 83
\BOOKMARK [2][-]{subsection.16.1}{Combinatoire}{section.16}% 84
\BOOKMARK [2][-]{subsection.16.2}{***********}{section.16}% 85
\BOOKMARK [1][-]{section.17}{R\351gulation}{}% 86
\BOOKMARK [1][-]{section.18}{Thermodynamics}{}% 87
\BOOKMARK [2][-]{subsection.18.1}{D\351finitions}{section.18}% 88
\BOOKMARK [2][-]{subsection.18.2}{Principes de la thermodynamique}{section.18}% 89
\BOOKMARK [2][-]{subsection.18.3}{Enthalpie \(\340 contr\364ler\)}{section.18}% 90
\BOOKMARK [3][-]{subsubsection.18.3.1}{Enthalpie des gaz parfaits}{subsection.18.3}% 91
\BOOKMARK [3][-]{subsubsection.18.3.2}{Enthalpie des solides et des liquides}{subsection.18.3}% 92
\BOOKMARK [2][-]{subsection.18.4}{Entropie}{section.18}% 93
\BOOKMARK [3][-]{subsubsection.18.4.1}{Entropie des gaz parfaits}{subsection.18.4}% 94
\BOOKMARK [3][-]{subsubsection.18.4.2}{Entropie des solides et des liquides}{subsection.18.4}% 95
\BOOKMARK [2][-]{subsection.18.5}{Processus thermodynamiques}{section.18}% 96
\BOOKMARK [3][-]{subsubsection.18.5.1}{isobare}{subsection.18.5}% 97
\BOOKMARK [3][-]{subsubsection.18.5.2}{isotherme}{subsection.18.5}% 98
\BOOKMARK [3][-]{subsubsection.18.5.3}{isochore}{subsection.18.5}% 99
\BOOKMARK [3][-]{subsubsection.18.5.4}{adibatique}{subsection.18.5}% 100
\BOOKMARK [3][-]{subsubsection.18.5.5}{polytropique}{subsection.18.5}% 101
\BOOKMARK [3][-]{subsubsection.18.5.6}{Tableau r\351sum\351}{subsection.18.5}% 102
\BOOKMARK [2][-]{subsection.18.6}{Cycles}{section.18}% 103
\BOOKMARK [3][-]{subsubsection.18.6.1}{Carnot}{subsection.18.6}% 104
\BOOKMARK [3][-]{subsubsection.18.6.2}{Otto}{subsection.18.6}% 105
\BOOKMARK [3][-]{subsubsection.18.6.3}{Diesel}{subsection.18.6}% 106
\BOOKMARK [3][-]{subsubsection.18.6.4}{Diesel for Wankel engine}{subsection.18.6}% 107
\BOOKMARK [2][-]{subsection.18.7}{Rendements isentropiques}{section.18}% 108
\BOOKMARK [2][-]{subsection.18.8}{Afterburner}{section.18}% 109
\BOOKMARK [2][-]{subsection.18.9}{Rayonnement corps noir}{section.18}% 110
\BOOKMARK [2][-]{subsection.18.10}{Changement de phase}{section.18}% 111
\BOOKMARK [1][-]{section.19}{Conversion d'unit\351}{}% 112
\BOOKMARK [1][-]{section.20}{Bibliographie}{}% 113
